
> tasks@0.1.0 test
> react-scripts test --coverage

PASS src/App.test.tsx
  ✓ renders the course name somewhere (106 ms)

-------------------|---------|----------|---------|---------|-------------------
File               | % Stmts | % Branch | % Funcs | % Lines | Uncovered Line #s 
-------------------|---------|----------|---------|---------|-------------------
All files          |   17.02 |       15 |   13.69 |   17.64 |                   
 src               |   66.66 |       50 |      50 |   66.66 |                   
  App.tsx          |   66.66 |       50 |      50 |   66.66 | 16                
 src/interfaces    |       0 |        0 |       0 |       0 |                   
  question.ts      |       0 |        0 |       0 |       0 |                   
  quiz.ts          |       0 |        0 |       0 |       0 |                   
 src/quizzer       |   15.94 |     12.5 |   12.67 |   16.54 |                   
  AddQuizModal.tsx |   36.36 |      100 |      20 |   36.36 | 19-20,35-54       
  QuestionEdit.tsx |       0 |        0 |       0 |       0 | 19-248            
  QuizCard.tsx     |      75 |       80 |   66.66 |      75 | 25                
  QuizEdit.tsx     |       0 |        0 |       0 |       0 | 24-164            
  QuizExpanded.tsx |       0 |        0 |       0 |       0 | 21-99             
  QuizList.tsx     |      75 |       75 |      60 |      75 | 22,26             
  QuizQuestion.tsx |       0 |        0 |       0 |       0 | 23-62             
  QuizView.tsx     |       0 |        0 |       0 |       0 | 19-25             
  Quizzer.tsx      |      50 |        0 |      30 |   64.28 | 28-29,34-44       
-------------------|---------|----------|---------|---------|-------------------
Test Suites: 1 passed, 1 total
Tests:       1 passed, 1 total
Snapshots:   0 total
Time:        3.79 s
Ran all test suites.
